Γ¥î gemini-1.5-flash: FAILED - [GoogleGenerativeAI Error]: Error fetching from https://generativelanguage.googleapis.com/v1beta/models/gemini-1.5-flash:generateContent: [404 Not Found] models/gemini-1.5-flash is not found for API version v1beta, or is not supported for generateContent. Call ListModels to see the list of available models and their supported methods.
Γ¥î gemini-1.5-flash-latest: FAILED - [GoogleGenerativeAI Error]: Error fetching from https://generativelanguage.googleapis.com/v1beta/models/gemini-1.5-flash-latest:generateContent: [404 Not Found] models/gemini-1.5-flash-latest is not found for API version v1beta, or is not supported for generateContent. Call ListModels to see the list of available models and their supported methods.
Γ¥î gemini-2.0-flash-exp: FAILED - [GoogleGenerativeAI Error]: Error fetching from https://generativelanguage.googleapis.com/v1beta/models/gemini-2.0-flash-exp:generateContent: [404 Not Found] models/gemini-2.0-flash-exp is not found for API version v1beta, or is not supported for generateContent. Call ListModels to see the list of available models and their supported methods.
Γ¥î gemini-2.0-flash-lite-preview-02-05: FAILED - [GoogleGenerativeAI Error]: Error fetching from https://generativelanguage.googleapis.com/v1beta/models/gemini-2.0-flash-lite-preview-02-05:generateContent: [404 Not Found] models/gemini-2.0-flash-lite-preview-02-05 is not found for API version v1beta, or is not supported for generateContent. Call ListModels to see the list of available models and their supported methods.
